2026-02-27 23:52:39 | [32mINFO[0m | soc_analyzer | Auto-detected log type: apache
2026-02-27 23:52:39 | [32mINFO[0m | soc_analyzer | Parsing file: logs/sample_apache.log
2026-02-27 23:52:39 | [32mINFO[0m | soc_analyzer | Parsed 46 log entries
2026-02-27 23:52:39 | [32mINFO[0m | soc_analyzer | Running threat detection rules...
2026-02-27 23:52:39 | [32mINFO[0m | soc_analyzer | Detection complete: 8 alert(s) generated
2026-02-27 23:52:39 | [32mINFO[0m | soc_analyzer | Alerts saved to: D:\KIRMADA\MINI\output\alerts.json
2026-02-27 23:52:39 | [32mINFO[0m | soc_analyzer | Alerts saved to: D:\KIRMADA\MINI\output\alerts.csv
2026-02-27 23:52:39 | [32mINFO[0m | soc_analyzer | Report saved to: D:\KIRMADA\MINI\output\report.txt
2026-02-27 23:52:39 | [33mWARNING[0m | app.alerts.email_alert | Email alerts are disabled. Set EMAIL_CONFIG['enabled'] = True in config.py
2026-02-27 23:52:51 | [32mINFO[0m | soc_analyzer | Auto-detected log type: windows
2026-02-27 23:52:51 | [32mINFO[0m | soc_analyzer | Parsing file: logs/sample_windows.log
2026-02-27 23:52:51 | [32mINFO[0m | soc_analyzer | Parsed 34 log entries
2026-02-27 23:52:51 | [32mINFO[0m | soc_analyzer | Running threat detection rules...
2026-02-27 23:52:51 | [32mINFO[0m | soc_analyzer | Detection complete: 7 alert(s) generated
2026-02-27 23:52:51 | [32mINFO[0m | soc_analyzer | Alerts saved to: D:\KIRMADA\MINI\output\alerts.json
2026-02-27 23:52:51 | [32mINFO[0m | soc_analyzer | Alerts saved to: D:\KIRMADA\MINI\output\alerts.csv
2026-02-27 23:52:51 | [32mINFO[0m | soc_analyzer | Report saved to: D:\KIRMADA\MINI\output\report.txt
2026-02-27 23:52:51 | [33mWARNING[0m | app.alerts.email_alert | Email alerts are disabled. Set EMAIL_CONFIG['enabled'] = True in config.py
2026-03-04 17:21:10 | [32mINFO[0m | soc_analyzer | Auto-detected log type: apache
2026-03-04 17:21:10 | [32mINFO[0m | soc_analyzer | Parsing file: logs/sample_apache.log
2026-03-04 17:21:10 | [32mINFO[0m | soc_analyzer | Parsed 46 log entries
2026-03-04 17:21:10 | [32mINFO[0m | soc_analyzer | Running threat detection rules...
2026-03-04 17:21:10 | [32mINFO[0m | soc_analyzer | Detection complete: 8 alert(s) generated
2026-03-04 17:21:10 | [32mINFO[0m | soc_analyzer | Alerts saved to: D:\KIRMADA\MINI\output\alerts.json
2026-03-04 17:21:10 | [32mINFO[0m | soc_analyzer | Alerts saved to: D:\KIRMADA\MINI\output\alerts.csv
2026-03-04 17:21:10 | [32mINFO[0m | soc_analyzer | Report saved to: D:\KIRMADA\MINI\output\report.txt
2026-03-04 17:21:10 | [33mWARNING[0m | app.alerts.email_alert | Email alerts are disabled. Set EMAIL_CONFIG['enabled'] = True in config.py
